1 Hello_world
4 Not filled !
3 Beautiful_sunnyday
2 Filled !
