1 Abra_Kadabra
2 Huhu
3 Happy_newyear
4 Not filled !
