4 Not filled !
1 Obra_Guga
2 Prima
3 Dirot_pufffkey
