1 ['a505']
2 ['a68960', 'a94835', 'a72451', 'a92058', 'a94149', 'a67214', 'a75204', 'a95811', 'a90634', 'a96135', 'a68864', 'a86385', 'a88544', 'a97487', 'a85946', 'a94000', 'a74172', 'a80705', 'a81462', 'a84988', 'a94604', 'a99897', 'a92667', 'a94048', 'a98046', 'a95503', 'a96828', 'a98571', 'a98390', 'a99897']
3 ['a7', 'a1', 'a3']
