1 {"identifier": "GTW02", "manufacturerName": "Sagemcom", "startTime": 1664978168, "endTime": 1664978668, "wifiAggregate": {"deviceType": "PC", "minRSSI": -76, "avgRSSI": -54, "maxRSSI": -40, "countBandChange": 1}, "anomalies_report": [{"eventTime": 1664978268, "deviceType": "PC", "rssi": -76, "connection": "2_4GHZ"}]}
2 {"identifier": "GTW01", "manufacturerName": "Sagemcom", "startTime": 1664979456, "endTime": 1664979956, "wifiAggregate": {"deviceType": "IPhone", "minRSSI": -84, "avgRSSI": -71, "maxRSSI": -57, "countBandChange": 2}, "anomalies_report": [{"eventTime": 1664979456, "deviceType": "IPhone", "rssi": -84, "connection": "5GHZ"}, {"eventTime": 1664979556, "deviceType": "IPhone", "rssi": -82, "connection": "5GHZ"}, {"eventTime": 1664979656, "deviceType": "IPhone", "rssi": -78, "connection": "6GHZ"}]}