1 ['d68e8ccda3718a2c9016c6f905374812', 'd68e8ccda3718a2c9016c6f905374812', 'd68e8ccda3718a2c9016c6f905374812', 'd68e8ccda3718a2c9016c6f905374812', 'd68e8ccda3718a2c9016c6f905374812', 'd68e8ccda3718a2c9016c6f905374812', 'd68e8ccda3718a2c9016c6f905374812', 'd68e8ccda3718a2c9016c6f905374812', 'd68e8ccda3718a2c9016c6f905374812', 'd68e8ccda3718a2c9016c6f905374812', 'd68e8ccda3718a2c9016c6f905374812', 'd68e8ccda3718a2c9016c6f905374812', 'd68e8ccda3718a2c9016c6f905374812', 'd68e8ccda3718a2c9016c6f905374812', 'd68e8ccda3718a2c9016c6f905374812', 'd68e8ccda3718a2c9016c6f905374812', 'd68e8ccda3718a2c9016c6f905374812', 'd68e8ccda3718a2c9016c6f905374812', 'd68e8ccda3718a2c9016c6f905374812', 'd68e8ccda3718a2c9016c6f905374812', 'd68e8ccda3718a2c9016c6f905374812', 'd68e8ccda3718a2c9016c6f905374812', 'd68e8ccda3718a2c9016c6f905374812', 'd68e8ccda3718a2c9016c6f905374812', 'd68e8ccda3718a2c9016c6f905374812', 'd68e8ccda3718a2c9016c6f905374812', 'd68e8ccda3718a2c9016c6f905374812', 'd68e8ccda3718a2c9016c6f905374812', 'd68e8ccda3718a2c9016c6f905374812', 'd68e8ccda3718a2c9016c6f905374812', 'd68e8ccda3718a2c9016c6f905374812', 'd68e8ccda3718a2c9016c6f905374812', 'd68e8ccda3718a2c9016c6f905374812', 'd68e8ccda3718a2c9016c6f905374812', 'd68e8ccda3718a2c9016c6f905374812', 'd68e8ccda3718a2c9016c6f905374812', 'd68e8ccda3718a2c9016c6f905374812', 'd68e8ccda3718a2c9016c6f905374812', 'd68e8ccda3718a2c9016c6f905374812', 'd68e8ccda3718a2c9016c6f905374812', 'd68e8ccda3718a2c9016c6f905374812', 'd68e8ccda3718a2c9016c6f905374812', 'd68e8ccda3718a2c9016c6f905374812', 'd68e8ccda3718a2c9016c6f905374812', 'd68e8ccda3718a2c9016c6f905374812', 'd68e8ccda3718a2c9016c6f905374812', 'd68e8ccda3718a2c9016c6f905374812', 'd68e8ccda3718a2c9016c6f905374812', 'd68e8ccda3718a2c9016c6f905374812', 'd68e8ccda3718a2c9016c6f905374812', 'd68e8ccda3718a2c9016c6f905374812', 'd68e8ccda3718a2c9016c6f905374812', 'd68e8ccda3718a2c9016c6f905374812', 'd68e8ccda3718a2c9016c6f905374812', 'd68e8ccda3718a2c9016c6f905374812', 'd68e8ccda3718a2c9016c6f905374812', 'd68e8ccda3718a2c9016c6f905374812', 'd68e8ccda3718a2c9016c6f905374812', 'd68e8ccda3718a2c9016c6f905374812', 'd68e8ccda3718a2c9016c6f905374812', 'd68e8ccda3718a2c9016c6f905374812', 'd68e8ccda3718a2c9016c6f905374812', 'd68e8ccda3718a2c9016c6f905374812', 'd68e8ccda3718a2c9016c6f905374812', 'd68e8ccda3718a2c9016c6f905374812', 'd68e8ccda3718a2c9016c6f905374812', 'd68e8ccda3718a2c9016c6f905374812', 'd68e8ccda3718a2c9016c6f905374812', 'd68e8ccda3718a2c9016c6f905374812', 'd68e8ccda3718a2c9016c6f905374812', 'd68e8ccda3718a2c9016c6f905374812', 'd68e8ccda3718a2c9016c6f905374812', 'd68e8ccda3718a2c9016c6f905374812', 'd68e8ccda3718a2c9016c6f905374812', 'd68e8ccda3718a2c9016c6f905374812', 'd68e8ccda3718a2c9016c6f905374812', 'd68e8ccda3718a2c9016c6f905374812', 'd68e8ccda3718a2c9016c6f905374812', 'd68e8ccda3718a2c9016c6f905374812', 'd68e8ccda3718a2c9016c6f905374812', 'd68e8ccda3718a2c9016c6f905374812', 'd68e8ccda3718a2c9016c6f905374812', 'd68e8ccda3718a2c9016c6f905374812', 'd68e8ccda3718a2c9016c6f905374812', 'd68e8ccda3718a2c9016c6f905374812', 'd68e8ccda3718a2c9016c6f905374812', 'd68e8ccda3718a2c9016c6f905374812', 'd68e8ccda3718a2c9016c6f905374812', 'd68e8ccda3718a2c9016c6f905374812', 'd68e8ccda3718a2c9016c6f905374812', 'd68e8ccda3718a2c9016c6f905374812', 'd68e8ccda3718a2c9016c6f905374812', 'd68e8ccda3718a2c9016c6f905374812', 'd68e8ccda3718a2c9016c6f905374812', 'd68e8ccda3718a2c9016c6f905374812', 'd68e8ccda3718a2c9016c6f905374812', 'd68e8ccda3718a2c9016c6f905374812', 'd68e8ccda3718a2c9016c6f905374812', 'd68e8ccda3718a2c9016c6f905374812', 'd68e8ccda3718a2c9016c6f905374812', 'd68e8ccda3718a2c9016c6f905374812', 'd68e8ccda3718a2c9016c6f905374812', 'd68e8ccda3718a2c9016c6f905374812', 'd68e8ccda3718a2c9016c6f905374812', 'd68e8ccda3718a2c9016c6f905374812', 'd68e8ccda3718a2c9016c6f905374812', 'd68e8ccda3718a2c9016c6f905374812', 'd68e8ccda3718a2c9016c6f905374812', 'd68e8ccda3718a2c9016c6f905374812', 'd68e8ccda3718a2c9016c6f905374812', 'd68e8ccda3718a2c9016c6f905374812', 'd68e8ccda3718a2c9016c6f905374812', 'd68e8ccda3718a2c9016c6f905374812', 'd68e8ccda3718a2c9016c6f905374812', 'd68e8ccda3718a2c9016c6f905374812', 'd68e8ccda3718a2c9016c6f905374812', 'd68e8ccda3718a2c9016c6f905374812', 'd68e8ccda3718a2c9016c6f905374812', 'd68e8ccda3718a2c9016c6f905374812', 'd68e8ccda3718a2c9016c6f905374812', 'd68e8ccda3718a2c9016c6f905374812', 'd68e8ccda3718a2c9016c6f905374812', 'd68e8ccda3718a2c9016c6f905374812', 'd68e8ccda3718a2c9016c6f905374812', 'd68e8ccda3718a2c9016c6f905374812', 'd68e8ccda3718a2c9016c6f905374812', 'd68e8ccda3718a2c9016c6f905374812', 'd68e8ccda3718a2c9016c6f905374812', 'd68e8ccda3718a2c9016c6f905374812', 'd68e8ccda3718a2c9016c6f905374812', 'd68e8ccda3718a2c9016c6f905374812', 'd68e8ccda3718a2c9016c6f905374812', 'd68e8ccda3718a2c9016c6f905374812', 'd68e8ccda3718a2c9016c6f905374812', 'd68e8ccda3718a2c9016c6f905374812', 'd68e8ccda3718a2c9016c6f905374812', 'd68e8ccda3718a2c9016c6f905374812', 'd68e8ccda3718a2c9016c6f905374812', 'd68e8ccda3718a2c9016c6f905374812', 'd68e8ccda3718a2c9016c6f905374812', 'd68e8ccda3718a2c9016c6f905374812', 'd68e8ccda3718a2c9016c6f905374812', 'd68e8ccda3718a2c9016c6f905374812', 'd68e8ccda3718a2c9016c6f905374812', 'd68e8ccda3718a2c9016c6f905374812', 'd68e8ccda3718a2c9016c6f905374812', 'd68e8ccda3718a2c9016c6f905374812', 'd68e8ccda3718a2c9016c6f905374812', 'd68e8ccda3718a2c9016c6f905374812', 'd68e8ccda3718a2c9016c6f905374812', 'd68e8ccda3718a2c9016c6f905374812', 'd68e8ccda3718a2c9016c6f905374812', 'd68e8ccda3718a2c9016c6f905374812', 'd68e8ccda3718a2c9016c6f905374812', 'd68e8ccda3718a2c9016c6f905374812', 'd68e8ccda3718a2c9016c6f905374812', 'd68e8ccda3718a2c9016c6f905374812', 'd68e8ccda3718a2c9016c6f905374812', 'd68e8ccda3718a2c9016c6f905374812', 'd68e8ccda3718a2c9016c6f905374812', 'd68e8ccda3718a2c9016c6f905374812', 'd68e8ccda3718a2c9016c6f905374812', 'd68e8ccda3718a2c9016c6f905374812', 'd68e8ccda3718a2c9016c6f905374812', 'd68e8ccda3718a2c9016c6f905374812', 'd68e8ccda3718a2c9016c6f905374812', 'd68e8ccda3718a2c9016c6f905374812', 'd68e8ccda3718a2c9016c6f905374812', 'd68e8ccda3718a2c9016c6f905374812', 'd68e8ccda3718a2c9016c6f905374812', 'd68e8ccda3718a2c9016c6f905374812', 'd68e8ccda3718a2c9016c6f905374812', 'd68e8ccda3718a2c9016c6f905374812', 'd68e8ccda3718a2c9016c6f905374812', 'd68e8ccda3718a2c9016c6f905374812', 'd68e8ccda3718a2c9016c6f905374812', 'd68e8ccda3718a2c9016c6f905374812', 'd68e8ccda3718a2c9016c6f905374812', 'd68e8ccda3718a2c9016c6f905374812', 'd68e8ccda3718a2c9016c6f905374812', 'd68e8ccda3718a2c9016c6f905374812', 'd68e8ccda3718a2c9016c6f905374812', 'd68e8ccda3718a2c9016c6f905374812', 'd68e8ccda3718a2c9016c6f905374812', 'd68e8ccda3718a2c9016c6f905374812', 'd68e8ccda3718a2c9016c6f905374812', 'd68e8ccda3718a2c9016c6f905374812', 'd68e8ccda3718a2c9016c6f905374812', 'd68e8ccda3718a2c9016c6f905374812', 'd68e8ccda3718a2c9016c6f905374812', 'd68e8ccda3718a2c9016c6f905374812', 'd68e8ccda3718a2c9016c6f905374812', 'd68e8ccda3718a2c9016c6f905374812', 'd68e8ccda3718a2c9016c6f905374812', 'd68e8ccda3718a2c9016c6f905374812', 'd68e8ccda3718a2c9016c6f905374812', 'd68e8ccda3718a2c9016c6f905374812', 'd68e8ccda3718a2c9016c6f905374812', 'd68e8ccda3718a2c9016c6f905374812', 'd68e8ccda3718a2c9016c6f905374812', 'd68e8ccda3718a2c9016c6f905374812', 'd68e8ccda3718a2c9016c6f905374812', 'd68e8ccda3718a2c9016c6f905374812', 'd68e8ccda3718a2c9016c6f905374812', 'd68e8ccda3718a2c9016c6f905374812', 'd68e8ccda3718a2c9016c6f905374812', 'd68e8ccda3718a2c9016c6f905374812', 'd68e8ccda3718a2c9016c6f905374812', 'd68e8ccda3718a2c9016c6f905374812', 'd68e8ccda3718a2c9016c6f905374812', 'd68e8ccda3718a2c9016c6f905374812', 'd68e8ccda3718a2c9016c6f905374812', 'd68e8ccda3718a2c9016c6f905374812', 'd68e8ccda3718a2c9016c6f905374812', 'd68e8ccda3718a2c9016c6f905374812', 'd68e8ccda3718a2c9016c6f905374812', 'd68e8ccda3718a2c9016c6f905374812', 'd68e8ccda3718a2c9016c6f905374812', 'd68e8ccda3718a2c9016c6f905374812', 'd68e8ccda3718a2c9016c6f905374812', 'd68e8ccda3718a2c9016c6f905374812', 'd68e8ccda3718a2c9016c6f905374812', 'd68e8ccda3718a2c9016c6f905374812', 'd68e8ccda3718a2c9016c6f905374812', 'd68e8ccda3718a2c9016c6f905374812', 'd68e8ccda3718a2c9016c6f905374812', 'd68e8ccda3718a2c9016c6f905374812', 'd68e8ccda3718a2c9016c6f905374812', 'd68e8ccda3718a2c9016c6f905374812', 'd68e8ccda3718a2c9016c6f905374812', 'd68e8ccda3718a2c9016c6f905374812', 'd68e8ccda3718a2c9016c6f905374812', 'd68e8ccda3718a2c9016c6f905374812', 'd68e8ccda3718a2c9016c6f905374812', 'd68e8ccda3718a2c9016c6f905374812', 'd68e8ccda3718a2c9016c6f905374812', 'd68e8ccda3718a2c9016c6f905374812', 'd68e8ccda3718a2c9016c6f905374812', 'd68e8ccda3718a2c9016c6f905374812', 'd68e8ccda3718a2c9016c6f905374812', 'd68e8ccda3718a2c9016c6f905374812', 'd68e8ccda3718a2c9016c6f905374812', 'd68e8ccda3718a2c9016c6f905374812', 'd68e8ccda3718a2c9016c6f905374812', 'd68e8ccda3718a2c9016c6f905374812', 'd68e8ccda3718a2c9016c6f905374812', 'd68e8ccda3718a2c9016c6f905374812', 'd68e8ccda3718a2c9016c6f905374812', 'd68e8ccda3718a2c9016c6f905374812', 'd68e8ccda3718a2c9016c6f905374812', 'd68e8ccda3718a2c9016c6f905374812', 'd68e8ccda3718a2c9016c6f905374812', 'd68e8ccda3718a2c9016c6f905374812', 'd68e8ccda3718a2c9016c6f905374812', 'd68e8ccda3718a2c9016c6f905374812', 'd68e8ccda3718a2c9016c6f905374812', 'd68e8ccda3718a2c9016c6f905374812', 'd68e8ccda3718a2c9016c6f905374812', 'd68e8ccda3718a2c9016c6f905374812', 'd68e8ccda3718a2c9016c6f905374812', 'd68e8ccda3718a2c9016c6f905374812', 'd68e8ccda3718a2c9016c6f905374812', 'd68e8ccda3718a2c9016c6f905374812', 'd68e8ccda3718a2c9016c6f905374812', 'd68e8ccda3718a2c9016c6f905374812']