arte [{'pid': 3243, 'deltaPcrPts': {'min': 403.73207407444715, 'max': 1103.7944074049592, 'average': 1010.0502048837928}, 'duration': 668.44, 'size': 861355276, 'bandwidth': 10308841.792831069}, {'pid': 3353, 'deltaPcrPts': {'min': 28.484037041664124, 'max': 69.81477778404951, 'average': 49.570648896650944}, 'duration': 668.328, 'size': 10987472, 'bandwidth': 131521.91139679917}, {'pid': 3343, 'deltaPcrPts': {'min': 11.599962964653969, 'max': 51.539259254932404, 'average': 31.660232367849417}, 'duration': 668.328, 'size': 21912528, 'bandwidth': 262296.6926419363}]
m6 [{'pid': 203, 'deltaPcrPts': {'min': 1058.077666670084, 'max': 2131.8863703608513, 'average': 1435.3185932690171}, 'duration': 779.42, 'size': 725414544, 'bandwidth': 7445685.704754817}, {'pid': 303, 'deltaPcrPts': {'min': 37.9875555485487, 'max': 102.22674073278904, 'average': 71.9162362552039}, 'duration': 779.264, 'size': 38323988, 'bandwidth': 393437.7874507227}]
astra [{'pid': 257, 'deltaPcrPts': {'min': 372.39851851854473, 'max': 1166.0361111108214, 'average': 661.1462038806634}, 'duration': 137.88, 'size': 176613592, 'bandwidth': 10247379.866550624}, {'pid': 256, 'deltaPcrPts': {'min': 51.866555555257946, 'max': 72.97655555559322, 'average': 63.070730095206955}, 'duration': 137.928, 'size': 4611076, 'bandwidth': 267448.29186242097}]
natgeo [{'pid': 257, 'deltaPcrPts': {'min': 1177.2104074060917, 'max': 2302.0312962941825, 'average': 1534.1677059537542}, 'duration': 209.72617777777836, 'size': 186044424, 'bandwidth': 7096660.072530533}, {'pid': 258, 'deltaPcrPts': {'min': 39.76596296206117, 'max': 74.92848148196936, 'average': 57.68662310248876}, 'duration': 209.64, 'size': 5257044, 'bandwidth': 200612.24957069263}]
luxetv [{'pid': 3013, 'deltaPcrPts': {'min': 135.59988889098167, 'max': 174.8653333336115, 'average': 155.65273705447086}, 'duration': 267.624, 'size': 5530396, 'bandwidth': 165318.38699070338}, {'pid': 3014, 'deltaPcrPts': {'min': 135.59988889098167, 'max': 174.8653333336115, 'average': 155.50557259926717}, 'duration': 267.624, 'size': 5530396, 'bandwidth': 165318.38699070338}, {'pid': 3015, 'deltaPcrPts': {'min': 135.59988889098167, 'max': 174.8653333336115, 'average': 155.39110730530322}, 'duration': 267.624, 'size': 5530396, 'bandwidth': 165318.38699070338}, {'pid': 3016, 'deltaPcrPts': {'min': 135.59988889098167, 'max': 174.8653333336115, 'average': 155.32377186012187}, 'duration': 267.624, 'size': 5530396, 'bandwidth': 165318.38699070338}, {'pid': 3017, 'deltaPcrPts': {'min': 135.59988889098167, 'max': 174.8653333336115, 'average': 155.29010367929945}, 'duration': 267.624, 'size': 5530396, 'bandwidth': 165318.38699070338}, {'pid': 3018, 'deltaPcrPts': {'min': 135.59988889098167, 'max': 174.8653333336115, 'average': 155.2564470737956}, 'duration': 267.624, 'size': 5530396, 'bandwidth': 165318.38699070338}, {'pid': 3011, 'deltaPcrPts': {'min': 563.2172592580318, 'max': 1496.1216296255589, 'average': 1011.3760404720399}, 'duration': 267.4, 'size': 192211012, 'bandwidth': 5750516.439790576}]
